// Jest Snapshot v1, https://goo.gl/fbAQLP

exports[`App renders correctly 1`] = `
<div
  className="about-content px-8"
>
  <div
    className="py-8 flex justify-center"
  >
    <h1
      className="text-3xl text-custom-frost1 pb-4 border-b-2 border-custom-aurora4"
    >
      ABOUT
    </h1>
  </div>
  <h3
    className="pt-12 text-custom-frost1 pb-4 font-bold"
  >
    筆者について
  </h3>
  <div
    className="flex justify-center"
  >
    <img
      alt="profile"
      className="rounded-full p-4"
      src="icon.jpg"
      style={
        Object {
          "height": 130,
          "width": 130,
        }
      }
    />
  </div>
  <h2
    className="text-center font-bold pb-4"
  >
    uu
  </h2>
  <p>
    データエンジニアをやっています。データ基盤の管理やデータ活用に関するアプリケーション開発をやってます。
    <br />
    <br />
    主な技術スタック： JavaScript, TypeScript, React, Amazon Web Services, Google Cloud Platform, Git, Linux
  </p>
  <h3
    className="pt-12 text-custom-frost1 pb-4 font-bold"
  >
    アクセス解析について
  </h3>
  <p
    className="leading-relaxed"
  >
    このサイトでは、コンテンツの分析と改善を目的としてGoogle Analyticsを利用しています。
  </p>
  <p
    className="leading-relaxed"
  >
    Google Analyticsはトラフィックデータの収集のためにCookieを使用しています。
このトラフィックデータは匿名で収集されており、個人を特定するものではありません。
詳細については

    <a
      className="text-custom-frost1 hover:underline"
      href="https://www.google.com/intl/ja/policies/privacy/partners/"
      rel="noopener noreferrer"
      target="_blank"
    >
      「ユーザーが Google パートナーのサイトやアプリを使用する際の Google によるデータ使用」のページ
    </a>
    
を参照してください。
  </p>
</div>
`;
